Copyright 1986-2022 Xilinx, Inc. All Rights Reserved.
--------------------------------------------------------------------------------------------------------------------------------------------------------------------------------------------------------------------------------------------------------------
| Tool Version : Vivado v.2022.2 (lin64) Build 3671981 Fri Oct 14 04:59:54 MDT 2022
| Date         : Thu Oct  3 08:48:20 2024
| Host         : egl running 64-bit Ubuntu 20.04.4 LTS
| Command      : report_accelerator_utilization -kernels { kernel_wrapper:level0_i/ulp/kernel_wrapper_1/inst:kernel_wrapper_1 kernel_wrapper:level0_i/ulp/kernel_wrapper_2/inst:kernel_wrapper_2} -file kernel_util_placed.rpt -name kernel_util_placed -json
| Design       : level0_wrapper
| Device       : xcu55c
| Design State : Fully Placed
--------------------------------------------------------------------------------------------------------------------------------------------------------------------------------------------------------------------------------------------------------------

Accelerator Utilization Design Information

Table of Contents
-----------------
1. System Utilization

1. System Utilization
---------------------

+---------------------+-------------------+------------------+-------------------+----------------+---------------+----------------+
| Name                | LUT               | LUTAsMem         | REG               | BRAM           | URAM          | DSP            |
+---------------------+-------------------+------------------+-------------------+----------------+---------------+----------------+
| Platform            |  123757 [  9.49%] |   8898 [  1.48%] |  168661 [  6.47%] |  200 [  9.92%] |   0 [  0.00%] |    4 [  0.04%] |
| User Budget         | 1179923 [100.00%] | 592062 [100.00%] | 2438699 [100.00%] | 1816 [100.00%] | 960 [100.00%] | 9020 [100.00%] |
|    Used Resources   |   61051 [  5.17%] |   1002 [  0.17%] |   25342 [  1.04%] |  706 [ 38.88%] |   0 [  0.00%] |   96 [  1.06%] |
|    Unused Resources | 1118872 [ 94.83%] | 591060 [ 99.83%] | 2413357 [ 98.96%] | 1110 [ 61.12%] | 960 [100.00%] | 8924 [ 98.94%] |
| kernel_wrapper      |   61051 [  5.17%] |   1002 [  0.17%] |   25342 [  1.04%] |  706 [ 38.88%] |   0 [  0.00%] |   96 [  1.06%] |
|    kernel_wrapper_1 |   30563 [  2.59%] |    501 [  0.08%] |   12678 [  0.52%] |  353 [ 19.44%] |   0 [  0.00%] |   48 [  0.53%] |
|    kernel_wrapper_2 |   30488 [  2.58%] |    501 [  0.08%] |   12664 [  0.52%] |  353 [ 19.44%] |   0 [  0.00%] |   48 [  0.53%] |
+---------------------+-------------------+------------------+-------------------+----------------+---------------+----------------+


